// Jest Snapshot v1, https://goo.gl/fbAQLP

exports[`test component 1`] = `
<div>
  <h1>
     hi
  </h1>
</div>
`;
